// Vitest Snapshot v1, https://vitest.dev/guide/snapshot.html

exports[`unindent > base 1`] = `
"if (a) {
  b()
}"
`;

exports[`unindent > indent deep 1`] = `
"    if (a) {
    b()
}"
`;

exports[`unindent > multi-start and end 1`] = `
"    if (a) {
  b()
}"
`;

exports[`unindent > no start or end 1`] = `
"if (a) {
  b()
}"
`;

exports[`unindent > with leading indent 1`] = `
"    if (a) {
  b()
}"
`;
